[sudharshanportfolio.wixsite.com/portfolio.html]
[static.parastorage.com/unpkg/core-js-bundle@3.2.1/minified.js]
[static.parastorage.com/unpkg/focus-within-polyfill@5.0.9/dist/focus-within-polyfill.js]
[polyfill-fastly.io/v3/polyfill.mind82c.js]
[sudharshanportfolio.wixsite.com/location.4.delayed]
[backblue.gif]
[fade.gif]
[index.html]
[sudharshanportfolio.wixsite.com/index.html]
[static.wixstatic.com/media/590b2b_75d8dabd685e4c7ea40e6cd5cb916dc6_mv2.jpg/v1/fill/w_288,h_58,al_c,q_80,usm_0.66_1.00_0.01,blur_2,enc_auto/590b2b_75d8dabd685e4c7ea40e6cd5cb916dc6_mv2.jpg]
[sudharshanportfolio.wixsite.com/portfolio/portfolio.html]
[sudharshanportfolio.wixsite.com/portfolio/projects-6.html]
[sudharshanportfolio.wixsite.com/portfolio/work-experience-1.html]
[sudharshanportfolio.wixsite.com/portfolio/copy-of-retron-projects.html]
[static.wixstatic.com/media/590b2b_2db7c181bba64ac1abe8c7726874f3ae_mv2.jpg/v1/fill/w_147,h_91,al_c,q_80,usm_0.66_1.00_0.01,blur_2,enc_auto/590b2b_2db7c181bba64ac1abe8c7726874f3ae_mv2.jpg]
[static.wixstatic.com/media/590b2b_c1dc7aae4cc04f4f805821ec11fde45e_mv2.jpg/v1/crop/x_0,y_23,w_413,h_407/fill/w_232,h_229,al_c,q_80,usm_0.66_1.00_0.01,enc_auto/IMG_6789 (1)-01_edited.jpg]
[static.wixstatic.com/media/590b2b_91478d56db414cdab33adf12ee3571b7_mv2.jpg/v1/fill/w_147,h_83,al_c,q_80,usm_0.66_1.00_0.01,blur_2,enc_auto/590b2b_91478d56db414cdab33adf12ee3571b7_mv2.jpg]
[browser.sentry-cdn.com/6.18.2/bundle.min.js]
[sudharshanportfolio.wixsite.com/portfolio/documents.html]
[sudharshanportfolio.wixsite.com/sitemap.f.delayed]
[sudharshanportfolio.wixsite.com/feed.10.delayed]
[sudharshanportfolio.wixsite.com/${n.11.delayed]
[static.parastorage.com/services/wix-thunderbolt/dist/thunderbolt-commons.8e38bc77.bundle.min.js]
[static.parastorage.com/services/wix-thunderbolt/dist/main.36b6e602.bundle.min.js]
[static.parastorage.com/services/wix-thunderbolt/dist/main.renderer.1d21f023.bundle.min.js]
[static.parastorage.com/unpkg/lodash@4.17.21/lodash.min.js]
[static.parastorage.com/unpkg/react@18.3.1/umd/react.production.min.js]
[static.parastorage.com/unpkg/react-dom@18.3.1/umd/react-dom.production.min.js]
[sudharshanportfolio.wixsite.com/decodeURIComponent(e.18.delayed]
[static.parastorage.com/services/tag-manager-client/1.859.0/siteTags.bundle.min.js]
[sudharshanportfolio.wixsite.com/portfolio.html]
[sudharshanportfolio.wixsite.com/location.html]
[sudharshanportfolio.wixsite.com/index.html]
[static.parastorage.com/services/wix-perf-measure/1.1095.0/wix-perf-measure.umd.min.js]
[sudharshanportfolio.wixsite.com/portfolio/location.1b.delayed]
[sudharshanportfolio.wixsite.com/portfolio/robots.1c.delayed]
[sudharshanportfolio.wixsite.com/portfolio/index.html]
[sudharshanportfolio.wixsite.com/portfolio/sitemap.xml]
[sudharshanportfolio.wixsite.com/portfolio/feed.1e.delayed]
[sudharshanportfolio.wixsite.com/portfolio/${n.1f.delayed]
[sudharshanportfolio.wixsite.com/portfolio/decodeURIComponent(e.20.delayed]
[sudharshanportfolio.wixsite.com/portfolio/portfolio.html]
[static.wixstatic.com/media/590b2b_d679e4c1be02400e844124215a4c5349_mv2.jpg/v1/fill/w_100,h_134,al_c,q_80,usm_0.66_1.00_0.01,blur_2,enc_auto/590b2b_d679e4c1be02400e844124215a4c5349_mv2.jpg]
[static.wixstatic.com/media/590b2b_e16c96cc684a49d599278dd99b94e370_mv2.jpg/v1/crop/x_0,y_193,w_1080,h_493/fill/w_93,h_43,al_c,q_80,usm_0.66_1.00_0.01,blur_2,e/sreenidhi_photography_club-20230106-0001.23.delaye]
[static.wixstatic.com/media/nsplsh_6d635f3476694f61786c77_mv2_d_6016_4000_s_4_2.jpg/v1/fill/w_64,h_43,al_c,q_80,usm_0.66_1.00_0.01,blur_2,enc_auto/Image by Thomas Jensen.jpg]
[sudharshanportfolio.wixsite.com/portfolio/projects-6.html]
[sudharshanportfolio.wixsite.com/portfolio/personal-projects.html]
[static.wixstatic.com/media/11062b_20ba2cc2306948229db7538635a2bace_mv2.jpg/v1/fill/w_104,h_69,al_c,q_80,usm_0.66_1.00_0.01,blur_2,enc_auto/11062b_20ba2cc2306948229db7538635a2bace_mv2.jpg]
[sudharshanportfolio.wixsite.com/portfolio/work-experience-1.html]
[sudharshanportfolio.wixsite.com/portfolio/retron-projects.html]
[sudharshanportfolio.wixsite.com/portfolio/neonflake-projects.html]
[static.wixstatic.com/media/11062b_558f00357585424e894fb7c595fc38fd_mv2.jpg/v1/fill/w_135,h_90,al_c,q_80,usm_0.66_1.00_0.01,blur_2,enc_auto/11062b_558f00357585424e894fb7c595fc38fd_mv2.jpg]
[static.wixstatic.com/media/590b2b_a6a7e31ad34d4efe8c0b34b01c8e19a3_mv2.jpg/v1/fill/w_98,h_140,al_c,q_80,usm_0.66_1.00_0.01,blur_2,enc_auto/590b2b_a6a7e31ad34d4efe8c0b34b01c8e19a3_mv2.jpg]
[static.wixstatic.com/media/590b2b_f41a7f5913ae42fa9af2e1e72be0c5b9_mv2.png/v1/fill/w_462,h_330,al_c,q_85,usm_0.66_1.00_0.01,enc_auto/Group 1.png]
[static.wixstatic.com/media/590b2b_3d853c0dd1af4962bee0d338c6667911_mv2.jpg/v1/fill/w_462,h_330,al_c,q_80,usm_0.66_1.00_0.01,enc_auto/Untitled_edited.jpg]
[sudharshanportfolio.wixsite.com/portfolio/copy-of-retron-projects.html]
[sudharshanportfolio.wixsite.com/portfolio/documents.html]
[sudharshanportfolio.wixsite.com/sitemap.html]
[sudharshanportfolio.wixsite.com/feed.html]
[sudharshanportfolio.wixsite.com/${n.html]
[sudharshanportfolio.wixsite.com/decodeURIComponent(e.html]
[sudharshanportfolio.wixsite.com/portfolio/location.html]
[sudharshanportfolio.wixsite.com/portfolio/index.html]
[sudharshanportfolio.wixsite.com/portfolio/robots.html]
[sudharshanportfolio.wixsite.com/portfolio/feed.html]
[sudharshanportfolio.wixsite.com/portfolio/${n.html]
[sudharshanportfolio.wixsite.com/portfolio/decodeURIComponent(e.html]
[sudharshanportfolio.wixsite.com/portfolio/media/emptystate.85a4add5.2c.delayed]
[static.wixstatic.com/media/590b2b_63f1bf599cfa46e7aa6daf8b5ec61261_mv2.jpg/v1/fit/w_462,h_462,q_90/590b2b_63f1bf599cfa46e7aa6daf8b5ec61261_mv2.jpg]
[static.wixstatic.com/media/590b2b_1d21b23a8f1843fe9a4399a4830dbd34_mv2.jpg/v1/fit/w_462,h_462,q_90/590b2b_1d21b23a8f1843fe9a4399a4830dbd34_mv2.jpg]
[static.wixstatic.com/media/590b2b_ff8e10b08edb4bb9a18afe292df62aea_mv2.jpeg/v1/fit/w_422,h_358,q_90/590b2b_ff8e10b08edb4bb9a18afe292df62aea_mv2.jpg]
[static.wixstatic.com/media/590b2b_995259b062854663abc67bdd4116d0f7_mv2.jpeg/v1/fit/w_518,h_358,q_90/590b2b_995259b062854663abc67bdd4116d0f7_mv2.jpg]
[static.wixstatic.com/media/590b2b_e16c96cc684a49d599278dd99b94e370_mv2.jpg/v1/fit/w_458,h_306,q_90/590b2b_e16c96cc684a49d599278dd99b94e370_mv2.jpg]
[static.wixstatic.com/media/590b2b_c9ab5d93b7aa4ffd9d599f96f075d17b_mv2.jpeg/v1/fit/w_229,h_306,q_90/590b2b_c9ab5d93b7aa4ffd9d599f96f075d17b_mv2.jpg]
[static.wixstatic.com/media/590b2b_0a52e51a9f6c46c0ba7f56bd3f369d57_mv2.png/v1/fit/w_471,h_337,q_90/590b2b_0a52e51a9f6c46c0ba7f56bd3f369d57_mv2.png]
[static.wixstatic.com/media/590b2b_d6abb3e66813410882c7a759b89af17f_mv2.jpeg/v1/fit/w_379,h_337,q_90/590b2b_d6abb3e66813410882c7a759b89af17f_mv2.jpg]
[sudharshanportfolio.wixsite.com/portfolio/personal-projects.html]
[static.parastorage.com/services/pro-gallery-tpa/1.825.0/WixProGalleryViewerWidget.bundle.min.js]
[static.wixstatic.com/media/590b2b_a6a7e31ad34d4efe8c0b34b01c8e19a3_mv2.jpg/v1/fill/w_146,h_208,al_c,q_80,usm_0.66_1.00_0.01,blur_2,enc_auto/590b2b_a6a7e31ad34d4efe8c0b34b01c8e19a3_mv2.jpg]
[static.wixstatic.com/media/590b2b_2bb577950f334686aa4ffe42335baf32_mv2.jpg/v1/fill/w_462,h_330,al_c,q_80,usm_0.66_1.00_0.01,enc_auto/WhatsApp Image 2023-01-08 at 7_40_edited.jpg]
[static.wixstatic.com/media/590b2b_3e27c406bedf4f41b1fc7006fe1962a5_mv2.jpg/v1/fill/w_116,h_81,al_c,q_80,usm_0.66_1.00_0.01,blur_2,enc_auto/IMG_7479_edited.jpg]
[static.wixstatic.com/media/590b2b_ac19d8ed4e034cedbc208962d4511e85_mv2.jpeg/v1/fill/w_462,h_330,al_c,q_80,usm_0.66_1.00_0.01,enc_auto/WhatsApp Image 2023-01-08 at 7_36_09 PM.jpg]
[static.wixstatic.com/media/590b2b_0df1282ddecc4b97aca4c71cc328b688_mv2.jpg/v1/crop/x_0,y_425,w_768,h_532/fill/w_116,h_80,al_c,q_80,usm_0.66_1.00_0.01,blur_2,/WhatsApp Image 2023-01-08 at 7_13_edited.jpg]
[sudharshanportfolio.wixsite.com/portfolio/retron-projects.html]
[static.wixstatic.com/media/590b2b_f2a315d109e941e88c553376e07b8d3e_mv2.jpg/v1/fill/w_107,h_72,al_c,q_80,usm_0.66_1.00_0.01,blur_2,enc_auto/590b2b_f2a315d109e941e88c553376e07b8d3e_mv2.jpg]
[static.wixstatic.com/media/590b2b_38641976ee444f5da981343a523dc8d5_mv2.jpg/v1/fill/w_147,h_133,al_c,q_80,usm_0.66_1.00_0.01,blur_2,enc_auto/590b2b_38641976ee444f5da981343a523dc8d5_mv2.jpg]
[static.wixstatic.com/media/590b2b_c7fe3198deaa4c3bb671718b051018b2_mv2.png/v1/fill/w_462,h_444,al_c,q_85,usm_0.66_1.00_0.01,enc_auto/BUTTERMILK MACHINE_edited.png]
[static.wixstatic.com/media/590b2b_5c054495052a467ab08f7a5a6ce3911df000.jpg/v1/fill/w_116,h_92,al_c,q_80,usm_0.66_1.00_0.01,blur_2,enc_auto/590b2b_5c054495052a467ab08f7a5a6ce3911df000.jpg]
[static.wixstatic.com/media/590b2b_8ddea592cf6d4331be1632a59a4c41c9_mv2.jpeg/v1/fill/w_462,h_432,al_c,q_80,usm_0.66_1.00_0.01,enc_auto/WhatsApp Image 2023-01-07 at 12_33_39 PM (5).jpg]
[static.wixstatic.com/media/590b2b_d3d8193fb12841b1819c3dbabb23bb98f000.jpg/v1/fill/w_116,h_92,al_c,q_80,usm_0.66_1.00_0.01,blur_2,enc_auto/590b2b_d3d8193fb12841b1819c3dbabb23bb98f000.jpg]
[sudharshanportfolio.wixsite.com/portfolio/neonflake-projects.html]
[sudharshanportfolio.wixsite.com/portfolio/media/emptystate.85a4add5.html]
